>>> add_integer = __import__('0-add_integer').add_integer
>>> add_integer(1, 2)
3
>>> add_integer("hello", i)
Traceback (most recent call last):
    ...
NameError: name 'i' is not defined
>>> add_integer("s", 3)
Traceback (most recent call last):
    ...
TypeError: a must be an integer
>>> add_integer(5, 10)
15
>>> add_integer(1.5, 4)
5
>>> add_integer(4.5, 10.5)
15
